GCOTDVM3728203
20161125010346
C:\Users\qz55554\Desktop\test\.txt
Start
Start
GCOTDVM3728203
20161125010525
C:\Users\qz55554\Desktop\test\.txt
End
-----------
C:\Users\qz55554\Desktop\test\20161125010538.txt
Start
GCOTDVM3728203
20161125010646


    Directory: C:\Users\qz55554\Desktop\test


Mode                LastWriteTime         Length Name                                                                                                                                
----                -------------         ------ ----                                                                                                                                
-a----       11/25/2016   1:06 AM              0 .txt                                                                                                                                


End
-----------
Start
GCOTDVM3728203
20161125010740
Create FileC:\Users\qz55554\Desktop\test\.txt
End
-----------
Start
GCOTDVM3728203
20161125010803
Create FileC:\Users\qz55554\Desktop\test\.txt
End
-----------
Start
GCOTDVM3728203
20161125010811
End
-----------
Start
GCOTDVM3728203
20161125010847
End
-----------
Start
GCOTDVM3728203
20161125010916
End
-----------
Start
GCOTDVM3728203
20161125010943
End
-----------
Start
GCOTDVM3728203
End
-----------
Start
GCOTDVM3728203
C:\Users\qz55554\Desktop\test\20161125011029.txt
End
-----------
